EN fa NULL "C:/Users/jonah/Desktop/phys 301/lab number 5/experiment3/FA.vhf" sub00/vhpl00 1519154927
AR fa behavioral "C:/Users/jonah/Desktop/phys 301/lab number 5/experiment3/FA.vhf" sub00/vhpl01 1519154928
AR experiment3 behavioral "C:/Users/jonah/Desktop/phys 301/lab number 5/experiment3/experiment3.vhf" sub00/vhpl03 1519154930
EN experiment3 NULL "C:/Users/jonah/Desktop/phys 301/lab number 5/experiment3/experiment3.vhf" sub00/vhpl02 1519154929
